// Jest Snapshot v1, https://goo.gl/fbAQLP

exports[`Test al component <App /> Deberia hacer match con el snapshot 1`] = `
<div>
  <div
    class="MuiGrid-root MuiGrid-container MuiGrid-direction-xs-column css-qaesf5-MuiGrid-root"
  >
    <div
      class="MuiGrid-root MuiGrid-item MuiGrid-grid-xs-3 box-shadow css-1ajm08i-MuiGrid-root"
    >
      <form
        aria-label="submit-form-login"
        class="animate__animated animate__fadeIn animate__faster"
      >
        <div
          class="MuiBox-root css-8atqhb"
          style="display: grid; place-items: center;"
        >
          <img
            alt=""
            src=""
            style="height: 150px; display: block; margin: auto;"
          />
        </div>
        <div
          class="MuiGrid-root MuiGrid-container MuiGrid-direction-xs-column css-lx9shp-MuiGrid-root"
        >
          <h6
            class="MuiTypography-root MuiTypography-h6 css-1iyst5o-MuiTypography-root"
          >
            La casa de la salud
          </h6>
          <p
            class="MuiTypography-root MuiTypography-body1 css-k8heu2-MuiTypography-root"
          >
            Login
          </p>
          <div
            class="MuiGrid-root MuiGrid-container css-11lq3yg-MuiGrid-root"
            style="display: flex; margin-top: 1em; gap: 1em;"
          >
            <div
              class="MuiFormControl-root MuiFormControl-fullWidth MuiTextField-root css-wb57ya-MuiFormControl-root-MuiTextField-root"
            >
              <label
                class="MuiFormLabel-root MuiInputLabel-root MuiInputLabel-formControl MuiInputLabel-animated MuiInputLabel-filled MuiFormLabel-colorPrimary css-wkpxuj-MuiFormLabel-root-MuiInputLabel-root"
                data-shrink="false"
                for="username"
                id="username-label"
              >
                Username
              </label>
              <div
                class="MuiInputBase-root MuiFilledInput-root MuiFilledInput-underline MuiInputBase-colorPrimary MuiInputBase-fullWidth MuiInputBase-formControl css-1r9izwz-MuiInputBase-root-MuiFilledInput-root"
              >
                <input
                  aria-invalid="false"
                  aria-label="username"
                  autocomplete="off"
                  class="MuiInputBase-input MuiFilledInput-input css-1rv476z-MuiInputBase-input-MuiFilledInput-input"
                  id="username"
                  name="username"
                  placeholder="Admin123"
                  type="text"
                  value=""
                />
              </div>
            </div>
            <div
              class="MuiFormControl-root MuiFormControl-fullWidth MuiTextField-root css-wb57ya-MuiFormControl-root-MuiTextField-root"
            >
              <label
                class="MuiFormLabel-root MuiInputLabel-root MuiInputLabel-formControl MuiInputLabel-animated MuiInputLabel-filled MuiFormLabel-colorPrimary css-wkpxuj-MuiFormLabel-root-MuiInputLabel-root"
                data-shrink="false"
                for="password"
                id="password-label"
              >
                Password
              </label>
              <div
                class="MuiInputBase-root MuiFilledInput-root MuiFilledInput-underline MuiInputBase-colorPrimary MuiInputBase-fullWidth MuiInputBase-formControl css-1r9izwz-MuiInputBase-root-MuiFilledInput-root"
              >
                <input
                  aria-invalid="false"
                  aria-label="password"
                  autocomplete="off"
                  class="MuiInputBase-input MuiFilledInput-input css-1rv476z-MuiInputBase-input-MuiFilledInput-input"
                  id="password"
                  name="password"
                  placeholder="***********"
                  type="password"
                  value=""
                />
              </div>
            </div>
          </div>
          <div
            class="MuiGrid-root MuiGrid-item MuiGrid-grid-xs-12 css-1ptpg7m-MuiGrid-root"
            style="margin-top: 0.8em;"
          >
            <div
              class="MuiPaper-root MuiPaper-elevation MuiPaper-rounded MuiPaper-elevation0 MuiAlert-root MuiAlert-standardError MuiAlert-standard css-17m4wih-MuiPaper-root-MuiAlert-root"
              role="alert"
            >
              <div
                class="MuiAlert-icon css-1ytlwq5-MuiAlert-icon"
              >
                <svg
                  aria-hidden="true"
                  class="MuiSvgIcon-root MuiSvgIcon-fontSizeInherit css-1vooibu-MuiSvgIcon-root"
                  data-testid="ErrorOutlineIcon"
                  focusable="false"
                  viewBox="0 0 24 24"
                >
                  <path
                    d="M11 15h2v2h-2zm0-8h2v6h-2zm.99-5C6.47 2 2 6.48 2 12s4.47 10 9.99 10C17.52 22 22 17.52 22 12S17.52 2 11.99 2zM12 20c-4.42 0-8-3.58-8-8s3.58-8 8-8 8 3.58 8 8-3.58 8-8 8z"
                  />
                </svg>
              </div>
              <div
                class="MuiAlert-message css-1pxa9xg-MuiAlert-message"
              />
            </div>
          </div>
          <div
            class="MuiGrid-root MuiGrid-item css-y0dje9-MuiGrid-root"
          >
            <button
              aria-label="btn-login"
              class="MuiButtonBase-root MuiButton-root MuiButton-contained MuiButton-containedPrimary MuiButton-sizeMedium MuiButton-containedSizeMedium MuiButton-fullWidth  css-fqffqw-MuiButtonBase-root-MuiButton-root"
              id="btn-login"
              style="background-color: rgb(37, 94, 175); font-weight: bold; padding: 10px 0px;"
              tabindex="0"
              type="submit"
            >
              LoginÂ 
              <svg
                aria-hidden="true"
                class="MuiSvgIcon-root MuiSvgIcon-fontSizeMedium css-i4bv87-MuiSvgIcon-root"
                data-testid="LoginIcon"
                focusable="false"
                viewBox="0 0 24 24"
              >
                <path
                  d="M11 7 9.6 8.4l2.6 2.6H2v2h10.2l-2.6 2.6L11 17l5-5-5-5zm9 12h-8v2h8c1.1 0 2-.9 2-2V5c0-1.1-.9-2-2-2h-8v2h8v14z"
                />
              </svg>
              <span
                class="MuiTouchRipple-root css-8je8zh-MuiTouchRipple-root"
              />
            </button>
          </div>
        </div>
      </form>
    </div>
  </div>
</div>
`;
